$ pnpm --filter frontend build
$ tsc -b && vite build && node scripts/check-bundle-size.mjs
vite v8.1.0 building client environment for production...
[2K
transforming...✓ 6902 modules transformed.
rendering chunks...
computing gzip size...
dist/assets/favicon-DR9hO5lh.svg                  0.34 kB │ gzip:   0.23 kB
dist/index.html                                   0.97 kB │ gzip:   0.48 kB
dist/assets/index-DJD79Wcd.css                  156.98 kB │ gzip:  24.64 kB
dist/assets/tailwind-width-class-CX8wXTdM.js      0.08 kB │ gzip:   0.10 kB
dist/assets/is-html-element-CtocdrOo.js           0.11 kB │ gzip:   0.12 kB
dist/assets/table-interactions-D1HPHXvF.js        0.19 kB │ gzip:   0.17 kB
dist/assets/ReportsIndexRedirect-B_35Un3W.js      0.24 kB │ gzip:   0.21 kB
dist/assets/query-utils-Dr4H-cvo.js               0.37 kB │ gzip:   0.26 kB
dist/assets/run-status-badge-D2_m9AcS.js          0.45 kB │ gzip:   0.31 kB
dist/assets/label-B7U-xyhZ.js                     0.52 kB │ gzip:   0.33 kB
dist/assets/page-toolbar-CJ4Nep_e.js              0.52 kB │ gzip:   0.31 kB
dist/assets/sonner-DTuAVCVK.js                    0.58 kB │ gzip:   0.39 kB
dist/assets/app-layout-lfFYinaX.js                0.60 kB │ gzip:   0.37 kB
dist/assets/fields-value-table-zx-Bdsxe.js        0.61 kB │ gzip:   0.32 kB
dist/assets/NotFoundPage-DPUkE-yt.js              0.62 kB │ gzip:   0.37 kB
dist/assets/rolldown-runtime-QTnfLwEv.js          0.69 kB │ gzip:   0.42 kB
dist/assets/textarea-C1kgDt1D.js                  0.69 kB │ gzip:   0.41 kB
dist/assets/employees-B_MAKgmj.js                 1.06 kB │ gzip:   0.50 kB
dist/assets/org-structure-CWFxPyiU.js             1.15 kB │ gzip:   0.41 kB
dist/assets/breadcrumb-DTleyWDp.js                1.29 kB │ gzip:   0.57 kB
dist/assets/report-readiness-BWIkYcLd.js          1.67 kB │ gzip:   0.66 kB
dist/assets/empty-state-BrsRheAn.js               1.80 kB │ gzip:   0.69 kB
dist/assets/reports-CtlkXjxH.js                   1.83 kB │ gzip:   0.90 kB
dist/assets/table-zasM7bo3.js                     1.88 kB │ gzip:   0.77 kB
dist/assets/DataEntryFieldGrid-CAXRfXAF.js        1.91 kB │ gzip:   0.81 kB
dist/assets/WarningCircle.es-BpP4Epqr.js          1.92 kB │ gzip:   0.69 kB
dist/assets/data-table-shell-U7hxqBS4.js          2.09 kB │ gzip:   0.90 kB
dist/assets/entity-labels-N0hGh4Vu.js             2.17 kB │ gzip:   1.02 kB
dist/assets/Info.es-lqo0KOYq.js                   2.28 kB │ gzip:   0.83 kB
dist/assets/CalendarBlank.es-CA3hfnxQ.js          2.29 kB │ gzip:   0.74 kB
dist/assets/popover-Cgah97ch.js                   2.57 kB │ gzip:   1.05 kB
dist/assets/report-registry-DjBWagYZ.js           2.65 kB │ gzip:   0.71 kB
dist/assets/dialog-sizes-sHLjBiYD.js              2.85 kB │ gzip:   1.04 kB
dist/assets/Check.es-CjexlPc8.js                  2.90 kB │ gzip:   0.85 kB
dist/assets/tabs-BJH2yJFB.js                      3.38 kB │ gzip:   1.02 kB
dist/assets/pay-setup-DWv2LdYq.js                 4.01 kB │ gzip:   1.37 kB
dist/assets/payroll-display-DVq4Pmd0.js           4.65 kB │ gzip:   1.53 kB
dist/assets/alert-DLY8ral0.js                     4.74 kB │ gzip:   1.69 kB
dist/assets/column-visibility-BC7CjHiO.js         5.27 kB │ gzip:   1.96 kB
dist/assets/pagination-controls-BH9Nm8qd.js       5.34 kB │ gzip:   1.80 kB
dist/assets/select-CkJ6wg7x.js                    5.40 kB │ gzip:   1.93 kB
dist/assets/ReportSheetPage-l1-PUXsr.js           5.42 kB │ gzip:   1.99 kB
dist/assets/page-shell-uHzvhXDf.js                5.88 kB │ gzip:   2.14 kB
dist/assets/protected-shell-BnaHlcMP.js           6.10 kB │ gzip:   2.66 kB
dist/assets/data-search-control-L0_fU_0z.js       6.38 kB │ gzip:   2.22 kB
dist/assets/PayRunsPage-Zc9w-1TW.js               6.82 kB │ gzip:   3.04 kB
dist/assets/PayComponentDetailPage-B62TVVPD.js    9.01 kB │ gzip:   3.12 kB
dist/assets/OrgSetupPage-BV4sKGIp.js             14.50 kB │ gzip:   4.50 kB
dist/assets/ReportsLayout-CEphxmyf.js            14.80 kB │ gzip:   5.06 kB
dist/assets/EmployeeListPage-D2JLrflJ.js         16.06 kB │ gzip:   4.72 kB
dist/assets/PayComponentsPage-Cc1SmSaf.js        27.96 kB │ gzip:   6.81 kB
dist/assets/AuditPage-DODi_MKS.js                28.51 kB │ gzip:   8.63 kB
dist/assets/site-header-BckuS3uC.js              31.12 kB │ gzip:   8.27 kB
dist/assets/motion-features-CUnLBnnX.js          37.60 kB │ gzip:  14.25 kB
dist/assets/PayRunDetailPage-BZmVVFvK.js         39.63 kB │ gzip:  11.60 kB
dist/assets/EmployeeDetailPage-B1sPr4Wg.js       57.95 kB │ gzip:  11.08 kB
dist/assets/LoginPage-CYhmNx5J.js                69.92 kB │ gzip:  34.51 kB
dist/assets/calendar-hMXpw_IN.js                 72.37 kB │ gzip:  21.25 kB
dist/assets/index-CMfqve8t.js                   167.09 kB │ gzip:  51.83 kB
dist/assets/react-vendor-D709mZyF.js            311.22 kB │ gzip:  98.24 kB
dist/assets/ui-vendor-DPdBnIBv.js               333.00 kB │ gzip: 105.39 kB

✓ built in 333ms
Bundle size check passed.
